[svetlana-ekb.ru/index.html]
[backblue.gif]
[fade.gif]
[index.html]
[svetlana-ekb.ru/design/multipurpose/images/favicon.ico]
[svetlana-ekb.ru/design/multipurpose/css/font-awesome.css]
[svetlana-ekb.ru/design/multipurpose/css/bootstrap.css]
[svetlana-ekb.ru/design/multipurpose/css/style.css]
[svetlana-ekb.ru/design/multipurpose/css/responsive.css]
[svetlana-ekb.ru/design/multipurpose/js/slider-pro/slider-pro.css]
[svetlana-ekb.ru/design/multipurpose/js/owl-carousel/owl.carousel.css]
[svetlana-ekb.ru/design/multipurpose/js/tabs/tabs.css]
[svetlana-ekb.ru/design/multipurpose/js/mfp/magnific-popup.css]
[svetlana-ekb.ru/design/multipurpose/js/notify/ns-default.css]
[svetlana-ekb.ru/design/multipurpose/js/notify/ns-style-bar.css]
[svetlana-ekb.ru/design/multipurpose/js/ion.rangeSlider/ion.rangeSlider.css]
[svetlana-ekb.ru/design/multipurpose/js/ion.rangeSlider/ion.rangeSlider.skinNice.css]
[svetlana-ekb.ru/stoimost-.html]
[svetlana-ekb.ru/contact.html]
[svetlana-ekb.ru/usloviya-.html]
[svetlana-ekb.ru/catalog/dislokatsiya.html]
[svetlana-ekb.ru/catalog/oktyabrskij-rajon.html]
[svetlana-ekb.ru/catalog/leninskij-rajon.html]
[svetlana-ekb.ru/catalog/verh-isetskij-rajon.html]
[svetlana-ekb.ru/catalog/kirovskij-rajon.html]
[svetlana-ekb.ru/catalog/zheleznodorozhnyj-rajon.html]
[svetlana-ekb.ru/catalog/ordzhonikidzevskij-rajon.html]
[svetlana-ekb.ru/catalog/chkalovskij-rajon-.html]
[svetlana-ekb.ru/catalog/sverdlovskaya-oblast.html]
[svetlana-ekb.ru/wishlist.html]
[svetlana-ekb.ru/design/multipurpose/images/slides/s1bg.jpg]
[svetlana-ekb.ru/nalichnyj-i-beznalichnyj-bez-nds.html]
[svetlana-ekb.ru/dislokatsiya.1c.delayed]
[svetlana-ekb.ru/informatsiya-dlya-vas.html]
[svetlana-ekb.ru/design/multipurpose/images/banners/banner-parallax.jpg]
[svetlana-ekb.ru/zayavka-na-razmeschenie.html]
[svetlana-ekb.ru/design/multipurpose/images/payment/card/mastercard.png]
[svetlana-ekb.ru/design/multipurpose/images/payment/card/visa.png]
[svetlana-ekb.ru/design/multipurpose/images/payment/bank/sberbank.png]
[svetlana-ekb.ru/design/multipurpose/images/payment/e-payment/webmoney-white.png]
[svetlana-ekb.ru/design/multipurpose/images/payment/e-payment/yandexmoney.png]
[svetlana-ekb.ru/design/multipurpose/images/payment/terminal/qiwi.png]
[ajax.googleapis.com/ajax/libs/jquery/1.11.3/jquery.min.js]
[svetlana-ekb.ru/design/multipurpose/js/bootstrap.min.js]
[svetlana-ekb.ru/design/multipurpose/js/bootstrap-rating-input.js]
[svetlana-ekb.ru/design/multipurpose/js/classie.min.js]
[svetlana-ekb.ru/design/multipurpose/js/modernizr.min.js]
[svetlana-ekb.ru/design/multipurpose/js/slider-pro/jquery.sliderPro.min.js]
[svetlana-ekb.ru/design/multipurpose/js/owl-carousel/owl.carousel.min.js]
[svetlana-ekb.ru/design/multipurpose/js/jquery.pureparallax.js]
[svetlana-ekb.ru/design/multipurpose/js/tabs/tabs.js]
[svetlana-ekb.ru/design/multipurpose/js/ajax_cart.js]
[svetlana-ekb.ru/design/multipurpose/js/mfp/jquery.magnific-popup.min.js]
[svetlana-ekb.ru/design/multipurpose/js/notify/notificationFx.js]
[svetlana-ekb.ru/design/multipurpose/js/jquery.maskedinput.min.js]
[svetlana-ekb.ru/design/multipurpose/js/ion.rangeSlider/ion.rangeSlider.min.js]
[svetlana-ekb.ru/design/multipurpose/js/jquery.matchHeight.js]
[svetlana-ekb.ru/index.html]
[svetlana-ekb.ru/design/multipurpose/js/autocomplete/jquery.autocomplete-min.js]
[svetlana-ekb.ru/design/multipurpose/js/custom.js]
[svetlana-ekb.ru/design/multipurpose/fonts/fontawesome-webfont78ce.eot]
[svetlana-ekb.ru/design/multipurpose/fonts/fontawesome-webfontd41d.eot]
[svetlana-ekb.ru/design/multipurpose/fonts/fontawesome-webfont78ce.woff]
[svetlana-ekb.ru/design/multipurpose/fonts/fontawesome-webfont78ce.ttf]
[svetlana-ekb.ru/design/multipurpose/css/font-awesome.css]
[svetlana-ekb.ru/design/multipurpose/css/bootstrap.css]
[svetlana-ekb.ru/design/multipurpose/images/pattern_8.png]
[svetlana-ekb.ru/design/multipurpose/images/logo.png]
[svetlana-ekb.ru/design/multipurpose/fonts/fontawesome-webfont78ce.svg]
[svetlana-ekb.ru/design/multipurpose/images/view.png]
[svetlana-ekb.ru/design/multipurpose/css/style.css]
[svetlana-ekb.ru/design/multipurpose/css/responsive.css]
[svetlana-ekb.ru/design/multipurpose/js/slider-pro/slider-pro.css]
[svetlana-ekb.ru/design/multipurpose/js/owl-carousel/owl.carousel.css]
[svetlana-ekb.ru/design/multipurpose/js/tabs/tabs.css]
[svetlana-ekb.ru/design/multipurpose/js/mfp/magnific-popup.css]
[svetlana-ekb.ru/design/multipurpose/js/notify/ns-default.css]
[svetlana-ekb.ru/design/multipurpose/js/notify/ns-style-bar.css]
[svetlana-ekb.ru/design/multipurpose/js/ion.rangeSlider/ion.rangeSlider.css]
[svetlana-ekb.ru/design/multipurpose/js/ion.rangeSlider/ion.rangeSlider.skinNice.css]
[svetlana-ekb.ru/stoimost-.html]
[svetlana-ekb.ru/contact.html]
[svetlana-ekb.ru/usloviya-.html]
[svetlana-ekb.ru/catalog/dislokatsiya.html]
[svetlana-ekb.ru/catalog/oktyabrskij-rajon.html]
[svetlana-ekb.ru/catalog/leninskij-rajon.html]
[svetlana-ekb.ru/catalog/verh-isetskij-rajon.html]
[svetlana-ekb.ru/catalog/kirovskij-rajon.html]
[svetlana-ekb.ru/catalog/zheleznodorozhnyj-rajon.html]
[svetlana-ekb.ru/catalog/ordzhonikidzevskij-rajon.html]
[svetlana-ekb.ru/catalog/chkalovskij-rajon-.html]
[svetlana-ekb.ru/catalog/sverdlovskaya-oblast.html]
[svetlana-ekb.ru/wishlist.html]
[svetlana-ekb.ru/nalichnyj-i-beznalichnyj-bez-nds.html]
[svetlana-ekb.ru/dislokatsiya.html]
[svetlana-ekb.ru/informatsiya-dlya-vas.html]
[svetlana-ekb.ru/zayavka-na-razmeschenie.html]
[svetlana-ekb.ru/design/multipurpose/fonts/fontawesome-webfont78ce.svg]
[svetlana-ekb.ru/design/multipurpose/js/slider-pro/images/openhand.html]
[svetlana-ekb.ru/design/multipurpose/js/slider-pro/images/closedhand.html]
